2026-01-12T04:32:55.619Z - POST /api/upload
2026-01-12T04:32:55.729Z - GET /uploads/1768192375625-981938079.pdf
2026-01-12T04:33:04.862Z - GET /uploads/1768192375625-981938079.pdf
2026-01-12T04:33:28.835Z - GET /uploads/1768192375625-981938079.pdf
2026-01-12T06:46:30.003Z - POST /api/upload
2026-01-12T06:46:30.719Z - GET /uploads/1768200390013-230500586.pdf
2026-01-12T06:46:34.701Z - GET /uploads/1768200390013-230500586.pdf
2026-01-12T07:23:48.672Z - POST /api/upload
2026-01-12T07:23:48.943Z - GET /uploads/1768202628673-728885231.pdf
2026-01-12T07:24:00.191Z - GET /uploads/1768202628673-728885231.pdf
2026-01-12T07:48:07.968Z - POST /api/upload
2026-01-12T07:48:08.019Z - GET /uploads/1768204087969-453157778.pdf
2026-01-12T07:48:11.398Z - GET /uploads/1768204087969-453157778.pdf
2026-01-12T07:49:09.192Z - GET /uploads/1768204087969-453157778.pdf
2026-01-12T07:53:54.204Z - POST /api/upload
2026-01-12T07:53:54.255Z - GET /uploads/1768204434205-325327112.pdf
2026-01-12T07:54:07.863Z - GET /uploads/1768204434205-325327112.pdf
2026-01-12T07:56:52.486Z - POST /api/upload
2026-01-12T07:56:52.595Z - GET /uploads/1768204612503-810757388.pdf
2026-01-12T07:57:03.391Z - GET /uploads/1768204612503-810757388.pdf
2026-01-12T08:01:18.751Z - POST /api/upload
2026-01-12T08:01:18.832Z - GET /uploads/1768204878752-960872103.pdf
2026-01-12T08:01:24.215Z - GET /uploads/1768204878752-960872103.pdf
2026-01-12T08:02:01.540Z - POST /api/upload
2026-01-12T08:02:01.590Z - GET /uploads/1768204921540-558408344.pdf
2026-01-12T08:02:11.688Z - GET /uploads/1768204921540-558408344.pdf
2026-01-12T08:03:42.178Z - POST /api/upload
2026-01-12T08:03:42.236Z - GET /uploads/1768205022189-989567223.pdf
2026-01-12T08:03:45.679Z - GET /uploads/1768205022189-989567223.pdf
2026-01-12T08:05:50.529Z - POST /api/upload
2026-01-12T08:05:50.574Z - GET /uploads/1768205150530-871851048.pdf
2026-01-12T08:05:53.679Z - GET /uploads/1768205150530-871851048.pdf
2026-01-12T08:08:05.843Z - POST /api/upload
2026-01-12T08:08:05.890Z - GET /uploads/1768205285843-421798979.pdf
2026-01-12T08:08:08.832Z - GET /uploads/1768205285843-421798979.pdf
2026-01-12T08:08:58.974Z - POST /api/upload
2026-01-12T08:08:59.020Z - GET /uploads/1768205338974-112984140.pdf
2026-01-12T08:09:39.554Z - POST /api/upload
2026-01-12T08:09:39.601Z - GET /uploads/1768205379555-266531968.pdf
2026-01-12T08:09:43.687Z - GET /uploads/1768205379555-266531968.pdf
2026-01-12T08:11:47.615Z - POST /api/upload
2026-01-12T08:11:47.660Z - GET /uploads/1768205507616-58573.pdf
2026-01-12T08:11:50.791Z - GET /uploads/1768205507616-58573.pdf
2026-01-12T08:11:58.231Z - GET /uploads/1768205507616-58573.pdf
2026-01-12T08:12:04.735Z - GET /uploads/1768205507616-58573.pdf
2026-01-12T08:12:10.975Z - GET /uploads/1768205507616-58573.pdf
2026-01-12T08:13:19.547Z - POST /api/upload
2026-01-12T08:13:19.594Z - GET /uploads/1768205599547-839111873.pdf
2026-01-12T08:13:26.278Z - POST /api/upload
2026-01-12T08:13:26.323Z - GET /uploads/1768205606278-171749590.pdf
2026-01-12T08:13:29.879Z - GET /uploads/1768205606278-171749590.pdf
2026-01-12T08:13:38.375Z - GET /uploads/1768205606278-171749590.pdf
2026-01-12T08:13:40.160Z - GET /uploads/1768205606278-171749590.pdf
2026-01-12T08:39:42.577Z - GET /uploads/1768205606278-171749590.pdf
2026-01-12T09:28:45.546Z - GET /uploads/1768205606278-171749590.pdf
2026-01-12T09:30:02.491Z - GET /uploads/1768205606278-171749590.pdf
2026-01-12T09:39:38.099Z - POST /api/upload
2026-01-12T09:39:38.170Z - GET /uploads/1768210778100-94820487.pdf
2026-01-12T09:39:42.563Z - GET /uploads/1768210778100-94820487.pdf
2026-01-12T09:40:31.082Z - GET /uploads/1768210778100-94820487.pdf
2026-01-12T09:40:34.361Z - GET /uploads/1768210778100-94820487.pdf
2026-01-12T09:41:53.872Z - POST /api/upload
2026-01-12T09:41:53.922Z - GET /uploads/1768210913873-171510827.pdf
2026-01-12T09:42:05.826Z - GET /uploads/1768210913873-171510827.pdf
2026-01-12T09:53:15.777Z - GET /uploads/1768210913873-171510827.pdf
2026-01-12T09:55:03.977Z - POST /api/upload
2026-01-12T09:55:04.030Z - GET /uploads/1768211703978-854036201.pdf
2026-01-12T09:55:28.979Z - GET /uploads/1768211703978-854036201.pdf
2026-01-12T09:57:40.847Z - POST /api/upload
2026-01-12T09:57:40.915Z - GET /uploads/1768211860848-645721594.pdf
2026-01-12T09:58:08.355Z - GET /uploads/1768211860848-645721594.pdf
2026-01-12T09:58:20.971Z - GET /uploads/1768211860848-645721594.pdf
2026-01-12T10:02:13.779Z - GET /uploads/1768211860848-645721594.pdf
2026-01-12T10:02:51.156Z - POST /api/upload
2026-01-12T10:02:51.209Z - GET /uploads/1768212171157-734192701.pdf
2026-01-12T10:03:01.763Z - GET /uploads/1768212171157-734192701.pdf
2026-01-12T10:03:04.626Z - GET /uploads/1768212171157-734192701.pdf
2026-01-12T10:03:16.970Z - GET /uploads/1768212171157-734192701.pdf
2026-01-12T10:03:19.777Z - GET /uploads/1768212171157-734192701.pdf
2026-01-12T10:07:39.116Z - GET /uploads/1768212171157-734192701.pdf
2026-01-12T10:09:09.971Z - GET /uploads/1768212171157-734192701.pdf
2026-01-12T10:10:56.506Z - POST /api/upload
2026-01-12T10:10:56.569Z - GET /uploads/1768212656507-926776761.pdf
2026-01-12T10:11:02.683Z - GET /uploads/1768212656507-926776761.pdf
2026-01-12T10:11:53.419Z - GET /uploads/1768212656507-926776761.pdf
2026-01-12T10:12:01.235Z - GET /uploads/1768212656507-926776761.pdf
2026-01-12T10:13:17.246Z - POST /api/upload
2026-01-12T10:13:23.981Z - GET /uploads/1768212797246-500288944.pdf
2026-01-12T10:13:29.459Z - GET /uploads/1768212797246-500288944.pdf
2026-01-12T10:14:10.654Z - POST /api/upload
2026-01-12T10:14:10.749Z - GET /uploads/1768212850655-79990443.pdf
2026-01-12T10:14:15.347Z - GET /uploads/1768212850655-79990443.pdf
2026-01-12T10:30:11.067Z - GET /uploads/1768212850655-79990443.pdf
2026-01-13T01:22:55.818Z - POST /api/upload
2026-01-13T01:22:55.929Z - GET /uploads/1768267375824-114658550.pdf
2026-01-13T01:23:03.410Z - GET /uploads/1768267375824-114658550.pdf
2026-01-13T01:23:03.464Z - POST /api/process-pdf
2026-01-13T01:25:55.631Z - POST /api/upload
2026-01-13T01:25:55.688Z - GET /uploads/1768267555633-17583356.pdf
2026-01-13T01:25:59.848Z - GET /uploads/1768267555633-17583356.pdf
2026-01-13T01:25:59.901Z - POST /api/process-pdf
2026-01-13T01:26:34.844Z - POST /api/upload
2026-01-13T01:26:34.904Z - GET /uploads/1768267594845-745690066.pdf
2026-01-13T01:26:46.129Z - GET /uploads/1768267594845-745690066.pdf
2026-01-13T01:26:46.183Z - POST /api/process-pdf
2026-01-13T01:28:35.289Z - POST /api/upload
2026-01-13T01:28:35.352Z - GET /uploads/1768267715290-312869062.pdf
2026-01-13T01:28:39.913Z - GET /uploads/1768267715290-312869062.pdf
2026-01-13T01:28:39.963Z - POST /api/process-pdf
2026-01-13T01:30:26.820Z - POST /api/upload
2026-01-13T01:30:26.875Z - GET /uploads/1768267826821-330373255.pdf
2026-01-13T01:30:31.680Z - GET /uploads/1768267826821-330373255.pdf
2026-01-13T01:30:31.720Z - POST /api/process-pdf
2026-01-13T01:32:54.321Z - GET /uploads/1768267826821-330373255.pdf
2026-01-13T01:32:54.364Z - POST /api/process-pdf
2026-01-13T01:32:59.732Z - POST /api/upload
2026-01-13T01:32:59.799Z - GET /uploads/1768267979733-488151964.pdf
2026-01-13T01:33:01.104Z - GET /uploads/1768267979733-488151964.pdf
2026-01-13T01:33:02.353Z - GET /uploads/1768267979733-488151964.pdf
2026-01-13T01:33:28.873Z - POST /api/upload
2026-01-13T01:33:28.921Z - GET /uploads/1768268008873-995459061.pdf
2026-01-13T01:33:39.649Z - GET /uploads/1768268008873-995459061.pdf
2026-01-13T01:33:39.670Z - POST /api/process-pdf
2026-01-13T01:33:50.174Z - POST /api/upload
2026-01-13T01:33:50.261Z - GET /uploads/1768268030175-611399546.pdf
2026-01-13T01:33:53.369Z - GET /uploads/1768268030175-611399546.pdf
2026-01-13T01:34:01.905Z - GET /uploads/1768268030175-611399546.pdf
2026-01-13T01:34:01.933Z - POST /api/process-pdf
2026-01-13T01:36:22.551Z - POST /api/upload
2026-01-13T01:36:22.639Z - GET /uploads/1768268182560-619698185.pdf
2026-01-13T01:36:26.193Z - GET /uploads/1768268182560-619698185.pdf
2026-01-13T01:36:26.230Z - POST /api/process-pdf
2026-01-13T01:38:37.734Z - POST /api/upload
2026-01-13T01:38:37.843Z - GET /uploads/1768268317741-290062852.pdf
2026-01-13T01:38:40.914Z - GET /uploads/1768268317741-290062852.pdf
2026-01-13T01:38:40.952Z - POST /api/process-pdf
2026-01-13T01:46:01.338Z - POST /api/upload
2026-01-13T01:46:01.398Z - GET /uploads/1768268761343-330388826.pdf
2026-01-13T01:47:38.291Z - POST /api/compress-pdf
2026-01-13T01:47:46.187Z - POST /api/compress-pdf
2026-01-13T01:49:08.455Z - POST /api/compress-pdf
2026-01-13T01:52:06.687Z - POST /api/compress-pdf
2026-01-13T01:57:55.699Z - POST /api/upload
2026-01-13T01:57:55.798Z - GET /uploads/1768269475705-399080877.pdf
2026-01-13T01:58:00.658Z - GET /uploads/1768269475705-399080877.pdf
2026-01-13T01:58:00.778Z - POST /api/process-pdf
2026-01-13T01:58:17.771Z - POST /api/unlock-pdf
2026-01-13T02:39:59.997Z - POST /api/upload
2026-01-13T02:40:00.052Z - GET /uploads/1768271999999-185750113.pdf
